Archive member included to satisfy reference by file (symbol)

c:/st/stm32cubeide_1.7.0/stm32cubeide/plugins/com.st.stm32cube.ide.mcu.externaltools.gnu-tools-for-stm32.9-2020-q2-update.win32_2.0.0.202105311346/tools/bin/../lib/gcc/arm-none-eabi/9.3.1/../../../../arm-none-eabi/lib/thumb/v7e-m+fp/hard\libc_nano.a(lib_a-errno.o)
                              ./Core/Src/syscalls.o (__errno)
c:/st/stm32cubeide_1.7.0/stm32cubeide/plugins/com.st.stm32cube.ide.mcu.externaltools.gnu-tools-for-stm32.9-2020-q2-update.win32_2.0.0.202105311346/tools/bin/../lib/gcc/arm-none-eabi/9.3.1/../../../../arm-none-eabi/lib/thumb/v7e-m+fp/hard\libc_nano.a(lib_a-exit.o)
                              c:/st/stm32cubeide_1.7.0/stm32cubeide/plugins/com.st.stm32cube.ide.mcu.externaltools.gnu-tools-for-stm32.9-2020-q2-update.win32_2.0.0.202105311346/tools/bin/../lib/gcc/arm-none-eabi/9.3.1/../../../../arm-none-eabi/lib/thumb/v7e-m+fp/hard/crt0.o (exit)
c:/st/stm32cubeide_1.7.0/stm32cubeide/plugins/com.st.stm32cube.ide.mcu.externaltools.gnu-tools-for-stm32.9-2020-q2-update.win32_2.0.0.202105311346/tools/bin/../lib/gcc/arm-none-eabi/9.3.1/../../../../arm-none-eabi/lib/thumb/v7e-m+fp/hard\libc_nano.a(lib_a-impure.o)
                              c:/st/stm32cubeide_1.7.0/stm32cubeide/plugins/com.st.stm32cube.ide.mcu.externaltools.gnu-tools-for-stm32.9-2020-q2-update.win32_2.0.0.202105311346/tools/bin/../lib/gcc/arm-none-eabi/9.3.1/../../../../arm-none-eabi/lib/thumb/v7e-m+fp/hard\libc_nano.a(lib_a-exit.o) (_global_impure_ptr)
c:/st/stm32cubeide_1.7.0/stm32cubeide/plugins/com.st.stm32cube.ide.mcu.externaltools.gnu-tools-for-stm32.9-2020-q2-update.win32_2.0.0.202105311346/tools/bin/../lib/gcc/arm-none-eabi/9.3.1/../../../../arm-none-eabi/lib/thumb/v7e-m+fp/hard\libc_nano.a(lib_a-init.o)
                              c:/st/stm32cubeide_1.7.0/stm32cubeide/plugins/com.st.stm32cube.ide.mcu.externaltools.gnu-tools-for-stm32.9-2020-q2-update.win32_2.0.0.202105311346/tools/bin/../lib/gcc/arm-none-eabi/9.3.1/../../../../arm-none-eabi/lib/thumb/v7e-m+fp/hard/crt0.o (__libc_init_array)
c:/st/stm32cubeide_1.7.0/stm32cubeide/plugins/com.st.stm32cube.ide.mcu.externaltools.gnu-tools-for-stm32.9-2020-q2-update.win32_2.0.0.202105311346/tools/bin/../lib/gcc/arm-none-eabi/9.3.1/../../../../arm-none-eabi/lib/thumb/v7e-m+fp/hard\libc_nano.a(lib_a-memset.o)
                              c:/st/stm32cubeide_1.7.0/stm32cubeide/plugins/com.st.stm32cube.ide.mcu.externaltools.gnu-tools-for-stm32.9-2020-q2-update.win32_2.0.0.202105311346/tools/bin/../lib/gcc/arm-none-eabi/9.3.1/../../../../arm-none-eabi/lib/thumb/v7e-m+fp/hard/crt0.o (memset)
c:/st/stm32cubeide_1.7.0/stm32cubeide/plugins/com.st.stm32cube.ide.mcu.externaltools.gnu-tools-for-stm32.9-2020-q2-update.win32_2.0.0.202105311346/tools/bin/../lib/gcc/arm-none-eabi/9.3.1/../../../../arm-none-eabi/lib/thumb/v7e-m+fp/hard\libc_nano.a(lib_a-snprintf.o)
                              ./Core/Src/uart-functions/uart-functions.o (snprintf)
c:/st/stm32cubeide_1.7.0/stm32cubeide/plugins/com.st.stm32cube.ide.mcu.externaltools.gnu-tools-for-stm32.9-2020-q2-update.win32_2.0.0.202105311346/tools/bin/../lib/gcc/arm-none-eabi/9.3.1/../../../../arm-none-eabi/lib/thumb/v7e-m+fp/hard\libc_nano.a(lib_a-strcmp.o)
                              ./Core/Src/uart-functions/uart-functions.o (strcmp)
c:/st/stm32cubeide_1.7.0/stm32cubeide/plugins/com.st.stm32cube.ide.mcu.externaltools.gnu-tools-for-stm32.9-2020-q2-update.win32_2.0.0.202105311346/tools/bin/../lib/gcc/arm-none-eabi/9.3.1/../../../../arm-none-eabi/lib/thumb/v7e-m+fp/hard\libc_nano.a(lib_a-strcpy.o)
                              ./Core/Src/uart-functions/uart-functions.o (strcpy)
c:/st/stm32cubeide_1.7.0/stm32cubeide/plugins/com.st.stm32cube.ide.mcu.externaltools.gnu-tools-for-stm32.9-2020-q2-update.win32_2.0.0.202105311346/tools/bin/../lib/gcc/arm-none-eabi/9.3.1/../../../../arm-none-eabi/lib/thumb/v7e-m+fp/hard\libc_nano.a(lib_a-strlen.o)
                              ./Core/Src/uart-functions/uart-functions.o (strlen)
c:/st/stm32cubeide_1.7.0/stm32cubeide/plugins/com.st.stm32cube.ide.mcu.externaltools.gnu-tools-for-stm32.9-2020-q2-update.win32_2.0.0.202105311346/tools/bin/../lib/gcc/arm-none-eabi/9.3.1/../../../../arm-none-eabi/lib/thumb/v7e-m+fp/hard\libc_nano.a(lib_a-nano-svfprintf.o)
                              c:/st/stm32cubeide_1.7.0/stm32cubeide/plugins/com.st.stm32cube.ide.mcu.externaltools.gnu-tools-for-stm32.9-2020-q2-update.win32_2.0.0.202105311346/tools/bin/../lib/gcc/arm-none-eabi/9.3.1/../../../../arm-none-eabi/lib/thumb/v7e-m+fp/hard\libc_nano.a(lib_a-snprintf.o) (_svfprintf_r)
c:/st/stm32cubeide_1.7.0/stm32cubeide/plugins/com.st.stm32cube.ide.mcu.externaltools.gnu-tools-for-stm32.9-2020-q2-update.win32_2.0.0.202105311346/tools/bin/../lib/gcc/arm-none-eabi/9.3.1/../../../../arm-none-eabi/lib/thumb/v7e-m+fp/hard\libc_nano.a(lib_a-nano-vfprintf_i.o)
[...]
Memory Configuration

Name             Origin             Length             Attributes
RAM              0x0000000020000000 0x0000000000018000 xrw
RAM2             0x0000000010000000 0x0000000000008000 xrw
FLASH            0x0000000008000000 0x0000000000100000 xr
*default*        0x0000000000000000 0xffffffffffffffff

Linker script and memory map

LOAD c:/st/stm32cubeide_1.7.0/stm32cubeide/plugins/com.st.stm32cube.ide.mcu.externaltools.gnu-tools-for-stm32.9-2020-q2-update.win32_2.0.0.202105311346/tools/bin/../lib/gcc/arm-none-eabi/9.3.1/thumb/v7e-m+fp/hard/crti.o
LOAD c:/st/stm32cubeide_1.7.0/stm32cubeide/plugins/com.st.stm32cube.ide.mcu.externaltools.gnu-tools-for-stm32.9-2020-q2-update.win32_2.0.0.202105311346/tools/bin/../lib/gcc/arm-none-eabi/9.3.1/thumb/v7e-m+fp/hard/crtbegin.o
LOAD c:/st/stm32cubeide_1.7.0/stm32cubeide/plugins/com.st.stm32cube.ide.mcu.externaltools.gnu-tools-for-stm32.9-2020-q2-update.win32_2.0.0.202105311346/tools/bin/../lib/gcc/arm-none-eabi/9.3.1/../../../../arm-none-eabi/lib/thumb/v7e-m+fp/hard/crt0.o
LOAD ./Core/Src/htu21df-functions/htu21df-functions.o
LOAD ./Core/Src/main.o
LOAD ./Core/Src/stm32l4xx_hal_msp.o
LOAD ./Core/Src/stm32l4xx_it.o
LOAD ./Core/Src/syscalls.o
LOAD ./Core/Src/sysmem.o
LOAD ./Core/Src/system_stm32l4xx.o
LOAD ./Core/Src/peripherals/peripherals.o
LOAD ./Core/Src/uart-functions/uart-functions.o
LOAD ./Core/Startup/startup_stm32l476rgtx.o
LOAD ./Drivers/STM32L4xx_HAL_Driver/Src/stm32l4xx_hal.o
LOAD ./Drivers/STM32L4xx_HAL_Driver/Src/stm32l4xx_hal_cortex.o
LOAD ./Drivers/STM32L4xx_HAL_Driver/Src/stm32l4xx_hal_dma.o
LOAD ./Drivers/STM32L4xx_HAL_Driver/Src/stm32l4xx_hal_dma_ex.o
LOAD ./Drivers/STM32L4xx_HAL_Driver/Src/stm32l4xx_hal_exti.o
LOAD ./Drivers/STM32L4xx_HAL_Driver/Src/stm32l4xx_hal_flash.o
LOAD ./Drivers/STM32L4xx_HAL_Driver/Src/stm32l4xx_hal_flash_ex.o
LOAD ./Drivers/STM32L4xx_HAL_Driver/Src/stm32l4xx_hal_flash_ramfunc.o
LOAD ./Drivers/STM32L4xx_HAL_Driver/Src/stm32l4xx_hal_gpio.o
LOAD ./Drivers/STM32L4xx_HAL_Driver/Src/stm32l4xx_hal_i2c.o
LOAD ./Drivers/STM32L4xx_HAL_Driver/Src/stm32l4xx_hal_i2c_ex.o
LOAD ./Drivers/STM32L4xx_HAL_Driver/Src/stm32l4xx_hal_pwr.o
LOAD ./Drivers/STM32L4xx_HAL_Driver/Src/stm32l4xx_hal_pwr_ex.o
LOAD ./Drivers/STM32L4xx_HAL_Driver/Src/stm32l4xx_hal_rcc.o
LOAD ./Drivers/STM32L4xx_HAL_Driver/Src/stm32l4xx_hal_rcc_ex.o
LOAD ./Drivers/STM32L4xx_HAL_Driver/Src/stm32l4xx_hal_tim.o
LOAD ./Drivers/STM32L4xx_HAL_Driver/Src/stm32l4xx_hal_tim_ex.o
LOAD ./Drivers/STM32L4xx_HAL_Driver/Src/stm32l4xx_hal_uart.o
LOAD ./Drivers/STM32L4xx_HAL_Driver/Src/stm32l4xx_hal_uart_ex.o
START GROUP
LOAD c:/st/stm32cubeide_1.7.0/stm32cubeide/plugins/com.st.stm32cube.ide.mcu.externaltools.gnu-tools-for-stm32.9-2020-q2-update.win32_2.0.0.202105311346/tools/bin/../lib/gcc/arm-none-eabi/9.3.1/../../../../arm-none-eabi/lib/thumb/v7e-m+fp/hard\libc_nano.a
LOAD c:/st/stm32cubeide_1.7.0/stm32cubeide/plugins/com.st.stm32cube.ide.mcu.externaltools.gnu-tools-for-stm32.9-2020-q2-update.win32_2.0.0.202105311346/tools/bin/../lib/gcc/arm-none-eabi/9.3.1/../../../../arm-none-eabi/lib/thumb/v7e-m+fp/hard\libm.a
END GROUP
START GROUP
LOAD c:/st/stm32cubeide_1.7.0/stm32cubeide/plugins/com.st.stm32cube.ide.mcu.externaltools.gnu-tools-for-stm32.9-2020-q2-update.win32_2.0.0.202105311346/tools/bin/../lib/gcc/arm-none-eabi/9.3.1/thumb/v7e-m+fp/hard\libgcc.a
LOAD c:/st/stm32cubeide_1.7.0/stm32cubeide/plugins/com.st.stm32cube.ide.mcu.externaltools.gnu-tools-for-stm32.9-2020-q2-update.win32_2.0.0.202105311346/tools/bin/../lib/gcc/arm-none-eabi/9.3.1/../../../../arm-none-eabi/lib/thumb/v7e-m+fp/hard\libc_nano.a
END GROUP
START GROUP
LOAD c:/st/stm32cubeide_1.7.0/stm32cubeide/plugins/com.st.stm32cube.ide.mcu.externaltools.gnu-tools-for-stm32.9-2020-q2-update.win32_2.0.0.202105311346/tools/bin/../lib/gcc/arm-none-eabi/9.3.1/thumb/v7e-m+fp/hard\libgcc.a
LOAD c:/st/stm32cubeide_1.7.0/stm32cubeide/plugins/com.st.stm32cube.ide.mcu.externaltools.gnu-tools-for-stm32.9-2020-q2-update.win32_2.0.0.202105311346/tools/bin/../lib/gcc/arm-none-eabi/9.3.1/../../../../arm-none-eabi/lib/thumb/v7e-m+fp/hard\libc_nano.a
LOAD c:/st/stm32cubeide_1.7.0/stm32cubeide/plugins/com.st.stm32cube.ide.mcu.externaltools.gnu-tools-for-stm32.9-2020-q2-update.win32_2.0.0.202105311346/tools/bin/../lib/gcc/arm-none-eabi/9.3.1/../../../../arm-none-eabi/lib/thumb/v7e-m+fp/hard\libnosys.a
END GROUP
START GROUP
LOAD c:/st/stm32cubeide_1.7.0/stm32cubeide/plugins/com.st.stm32cube.ide.mcu.externaltools.gnu-tools-for-stm32.9-2020-q2-update.win32_2.0.0.202105311346/tools/bin/../lib/gcc/arm-none-eabi/9.3.1/thumb/v7e-m+fp/hard\libgcc.a
LOAD c:/st/stm32cubeide_1.7.0/stm32cubeide/plugins/com.st.stm32cube.ide.mcu.externaltools.gnu-tools-for-stm32.9-2020-q2-update.win32_2.0.0.202105311346/tools/bin/../lib/gcc/arm-none-eabi/9.3.1/../../../../arm-none-eabi/lib/thumb/v7e-m+fp/hard\libc_nano.a
LOAD c:/st/stm32cubeide_1.7.0/stm32cubeide/plugins/com.st.stm32cube.ide.mcu.externaltools.gnu-tools-for-stm32.9-2020-q2-update.win32_2.0.0.202105311346/tools/bin/../lib/gcc/arm-none-eabi/9.3.1/../../../../arm-none-eabi/lib/thumb/v7e-m+fp/hard\libnosys.a
END GROUP
LOAD c:/st/stm32cubeide_1.7.0/stm32cubeide/plugins/com.st.stm32cube.ide.mcu.externaltools.gnu-tools-for-stm32.9-2020-q2-update.win32_2.0.0.202105311346/tools/bin/../lib/gcc/arm-none-eabi/9.3.1/thumb/v7e-m+fp/hard/crtend.o
LOAD c:/st/stm32cubeide_1.7.0/stm32cubeide/plugins/com.st.stm32cube.ide.mcu.externaltools.gnu-tools-for-stm32.9-2020-q2-update.win32_2.0.0.202105311346/tools/bin/../lib/gcc/arm-none-eabi/9.3.1/thumb/v7e-m+fp/hard/crtn.o
                0x0000000020018000                _estack = (ORIGIN (RAM) + LENGTH (RAM))
                0x0000000000000200                _Min_Heap_Size = 0x200
                0x0000000000000400                _Min_Stack_Size = 0x400

.isr_vector     0x0000000008000000      0x188
                0x0000000008000000                . = ALIGN (0x4)
 *(.isr_vector)
 .isr_vector    0x0000000008000000      0x188 ./Core/Startup/startup_stm32l476rgtx.o
                0x0000000008000000                g_pfnVectors
                0x0000000008000188                . = ALIGN (0x4)

.text           0x0000000008000188     0x4228
                0x0000000008000188                . = ALIGN (0x4)
 *(.text)
 .text          0x0000000008000188       0x40 c:/st/stm32cubeide_1.7.0/stm32cubeide/plugins/com.st.stm32cube.ide.mcu.externaltools.gnu-tools-for-stm32.9-2020-q2-update.win32_2.0.0.202105311346/tools/bin/../lib/gcc/arm-none-eabi/9.3.1/thumb/v7e-m+fp/hard/crtbegin.o
 .text          0x00000000080001c8      0x254 c:/st/stm32cubeide_1.7.0/stm32cubeide/plugins/com.st.stm32cube.ide.mcu.externaltools.gnu-tools-for-stm32.9-2020-q2-update.win32_2.0.0.202105311346/tools/bin/../lib/gcc/arm-none-eabi/9.3.1/thumb/v7e-m+fp/hard\libgcc.a(_arm_muldf3.o)
                0x00000000080001c8                __muldf3
                0x00000000080001c8                __aeabi_dmul
 .text          0x000000000800041c      0x378 c:/st/stm32cubeide_1.7.0/stm32cubeide/plugins/com.st.stm32cube.ide.mcu.externaltools.gnu-tools-for-stm32.9-2020-q2-update.win32_2.0.0.202105311346/tools/bin/../lib/gcc/arm-none-eabi/9.3.1/thumb/v7e-m+fp/hard\libgcc.a(_arm_addsubdf3.o)
                0x000000000800041c                __aeabi_drsub
                0x0000000008000424                __aeabi_dsub
                0x0000000008000424                __subdf3
                0x0000000008000428                __aeabi_dadd
                0x0000000008000428                __adddf3
                0x00000000080006a0                __floatunsidf
                0x00000000080006a0                __aeabi_ui2d
                0x00000000080006c0                __floatsidf
                0x00000000080006c0                __aeabi_i2d
                0x00000000080006e4                __aeabi_f2d
                0x00000000080006e4                __extendsfdf2
                0x0000000008000728                __floatundidf
                0x0000000008000728                __aeabi_ul2d
                0x0000000008000738                __floatdidf
                0x0000000008000738                __aeabi_l2d
 .text          0x0000000008000794       0xa0 c:/st/stm32cubeide_1.7.0/stm32cubeide/plugins/com.st.stm32cube.ide.mcu.externaltools.gnu-tools-for-stm32.9-2020-q2-update.win32_2.0.0.202105311346/tools/bin/../lib/gcc/arm-none-eabi/9.3.1/thumb/v7e-m+fp/hard\libgcc.a(_arm_truncdfsf2.o)
                0x0000000008000794                __truncdfsf2
                0x0000000008000794                __aeabi_d2f
 .text          0x0000000008000834       0x30 c:/st/stm32cubeide_1.7.0/stm32cubeide/plugins/com.st.stm32cube.ide.mcu.externaltools.gnu-tools-for-stm32.9-2020-q2-update.win32_2.0.0.202105311346/tools/bin/../lib/gcc/arm-none-eabi/9.3.1/thumb/v7e-m+fp/hard\libgcc.a(_aeabi_uldivmod.o)
                0x0000000008000834                __aeabi_uldivmod
 .text          0x0000000008000864      0x2c4 c:/st/stm32cubeide_1.7.0/stm32cubeide/plugins/com.st.stm32cube.ide.mcu.externaltools.gnu-tools-for-stm32.9-2020-q2-update.win32_2.0.0.202105311346/tools/bin/../lib/gcc/arm-none-eabi/9.3.1/thumb/v7e-m+fp/hard\libgcc.a(_udivmoddi4.o)
                0x0000000008000864                __udivmoddi4
 .text          0x0000000008000b28        0x4 c:/st/stm32cubeide_1.7.0/stm32cubeide/plugins/com.st.stm32cube.ide.mcu.externaltools.gnu-tools-for-stm32.9-2020-q2-update.win32_2.0.0.202105311346/tools/bin/../lib/gcc/arm-none-eabi/9.3.1/thumb/v7e-m+fp/hard\libgcc.a(_dvmd_tls.o)
                0x0000000008000b28                __aeabi_idiv0
                0x0000000008000b28                __aeabi_ldiv0
 *(.text*)
 *fill*         0x0000000008000b2c        0x4 
 .text.getTemp  0x0000000008000b30      0x148 ./Core/Src/htu21df-functions/htu21df-functions.o
                0x0000000008000b30                getTemp
 .text.getHumid
                0x0000000008000c78       0xec ./Core/Src/htu21df-functions/htu21df-functions.o
                0x0000000008000c78                getHumid
 .text.main     0x0000000008000d64       0x2a ./Core/Src/main.o
                0x0000000008000d64                main
 *fill*         0x0000000008000d8e        0x2 
 .text.HAL_MspInit
                0x0000000008000d90       0x48 ./Core/Src/stm32l4xx_hal_msp.o
                0x0000000008000d90                HAL_MspInit
 .text.HAL_I2C_MspInit
                0x0000000008000dd8       0xbc ./Core/Src/stm32l4xx_hal_msp.o
                0x0000000008000dd8                HAL_I2C_MspInit
 .text.HAL_UART_MspInit
                0x0000000008000e94       0xb8 ./Core/Src/stm32l4xx_hal_msp.o
                0x0000000008000e94                HAL_UART_MspInit
 .text.NMI_Handler
                0x0000000008000f4c        0x6 ./Core/Src/stm32l4xx_it.o
                0x0000000008000f4c                NMI_Handler
 .text.HardFault_Handler
                0x0000000008000f52        0x6 ./Core/Src/stm32l4xx_it.o
                0x0000000008000f52                HardFault_Handler
 .text.MemManage_Handler
                0x0000000008000f58        0x6 ./Core/Src/stm32l4xx_it.o
                0x0000000008000f58                MemManage_Handler
 .text.BusFault_Handler
                0x0000000008000f5e        0x6 ./Core/Src/stm32l4xx_it.o
                0x0000000008000f5e                BusFault_Handler
 .text.UsageFault_Handler
                0x0000000008000f64        0x6 ./Core/Src/stm32l4xx_it.o
                0x0000000008000f64                UsageFault_Handler
 .text.SVC_Handler
                0x0000000008000f6a        0xe ./Core/Src/stm32l4xx_it.o
                0x0000000008000f6a                SVC_Handler
 .text.DebugMon_Handler
                0x0000000008000f78        0xe ./Core/Src/stm32l4xx_it.o
                0x0000000008000f78                DebugMon_Handler
 .text.PendSV_Handler
                0x0000000008000f86        0xe ./Core/Src/stm32l4xx_it.o
                0x0000000008000f86                PendSV_Handler
 .text.SysTick_Handler
                0x0000000008000f94        0xc ./Core/Src/stm32l4xx_it.o
                0x0000000008000f94                SysTick_Handler
 .text.SystemInit
                0x0000000008000fa0       0x24 ./Core/Src/system_stm32l4xx.o
                0x0000000008000fa0                SystemInit
 .text.SystemClock_Config
                0x0000000008000fc4       0xa2 ./Core/Src/peripherals/peripherals.o
                0x0000000008000fc4                SystemClock_Config
 *fill*         0x0000000008001066        0x2 
 .text.MX_I2C1_Init
                0x0000000008001068       0x80 ./Core/Src/peripherals/peripherals.o
                0x0000000008001068                MX_I2C1_Init
 .text.MX_USART2_UART_Init
                0x00000000080010e8       0x60 ./Core/Src/peripherals/peripherals.o
                0x00000000080010e8                MX_USART2_UART_Init
 .text.MX_GPIO_Init
                0x0000000008001148       0xcc ./Core/Src/peripherals/peripherals.o
                0x0000000008001148                MX_GPIO_Init
 .text.Error_Handler
                0x0000000008001214        0xa ./Core/Src/peripherals/peripherals.o
                0x0000000008001214                Error_Handler
 *fill*         0x000000000800121e        0x2 
 .text.Reset_Handler
                0x0000000008001220       0x50 ./Core/Startup/startup_stm32l476rgtx.o
                0x0000000008001220                Reset_Handler
 .text.Default_Handler
                0x0000000008001270        0x2 ./Core/Startup/startup_stm32l476rgtx.o
                0x0000000008001270                RTC_Alarm_IRQHandler
                0x0000000008001270                EXTI2_IRQHandler
                0x0000000008001270                TIM8_TRG_COM_IRQHandler
                0x0000000008001270                TIM8_CC_IRQHandler
                0x0000000008001270                TIM1_CC_IRQHandler
                0x0000000008001270                TSC_IRQHandler
                0x0000000008001270                TAMP_STAMP_IRQHandler
                0x0000000008001270                EXTI3_IRQHandler
                0x0000000008001270                LPTIM2_IRQHandler
                0x0000000008001270                DFSDM1_FLT1_IRQHandler
                0x0000000008001270                I2C3_ER_IRQHandler
                0x0000000008001270                DFSDM1_FLT2_IRQHandler
                0x0000000008001270                EXTI0_IRQHandler
                0x0000000008001270                I2C2_EV_IRQHandler
                0x0000000008001270                CAN1_RX0_IRQHandler
                0x0000000008001270                FPU_IRQHandler
                0x0000000008001270                TIM1_UP_TIM16_IRQHandler
                0x0000000008001270                ADC1_2_IRQHandler
                0x0000000008001270                SPI1_IRQHandler
                0x0000000008001270                TIM6_DAC_IRQHandler
                0x0000000008001270                TIM8_UP_IRQHandler
                0x0000000008001270                DMA2_Channel2_IRQHandler
                0x0000000008001270                DMA1_Channel4_IRQHandler
                0x0000000008001270                SAI2_IRQHandler
                0x0000000008001270                DFSDM1_FLT3_IRQHandler
                0x0000000008001270                USART3_IRQHandler
                0x0000000008001270                DMA1_Channel7_IRQHandler
                0x0000000008001270                CAN1_RX1_IRQHandler
                0x0000000008001270                LCD_IRQHandler
                0x0000000008001270                UART5_IRQHandler
                0x0000000008001270                ADC3_IRQHandler
                0x0000000008001270                TIM4_IRQHandler
                0x0000000008001270                DMA2_Channel1_IRQHandler
                0x0000000008001270                QUADSPI_IRQHandler
                0x0000000008001270                I2C1_EV_IRQHandler
                0x0000000008001270                DMA1_Channel6_IRQHandler
                0x0000000008001270                UART4_IRQHandler
                0x0000000008001270                DMA2_Channel4_IRQHandler
                0x0000000008001270                TIM3_IRQHandler
                0x0000000008001270                RCC_IRQHandler
                0x0000000008001270                DMA1_Channel1_IRQHandler
                0x0000000008001270                Default_Handler
                0x0000000008001270                DMA2_Channel7_IRQHandler
                0x0000000008001270                EXTI15_10_IRQHandler
                0x0000000008001270                TIM7_IRQHandler
                0x0000000008001270                SDMMC1_IRQHandler
                0x0000000008001270                TIM5_IRQHandler
                0x0000000008001270                I2C3_EV_IRQHandler
                0x0000000008001270                EXTI9_5_IRQHandler
                0x0000000008001270                RTC_WKUP_IRQHandler
                0x0000000008001270                PVD_PVM_IRQHandler
                0x0000000008001270                SPI2_IRQHandler
                0x0000000008001270                CAN1_TX_IRQHandler
                0x0000000008001270                DMA2_Channel5_IRQHandler
                0x0000000008001270                DMA1_Channel5_IRQHandler
                0x0000000008001270                EXTI4_IRQHandler
                0x0000000008001270                RNG_IRQHandler
                0x0000000008001270                TIM1_TRG_COM_TIM17_IRQHandler
                0x0000000008001270                DMA1_Channel3_IRQHandler
                0x0000000008001270                COMP_IRQHandler
                0x0000000008001270                WWDG_IRQHandler
                0x0000000008001270                LPUART1_IRQHandler
                0x0000000008001270                DMA2_Channel6_IRQHandler
                0x0000000008001270                TIM2_IRQHandler
                0x0000000008001270                EXTI1_IRQHandler
                0x0000000008001270                USART2_IRQHandler
                0x0000000008001270                DFSDM1_FLT0_IRQHandler
                0x0000000008001270                I2C2_ER_IRQHandler
                0x0000000008001270                DMA1_Channel2_IRQHandler
                0x0000000008001270                TIM8_BRK_IRQHandler
                0x0000000008001270                CAN1_SCE_IRQHandler
                0x0000000008001270                FLASH_IRQHandler
                0x0000000008001270                USART1_IRQHandler
                0x0000000008001270                OTG_FS_IRQHandler
                0x0000000008001270                SPI3_IRQHandler
                0x0000000008001270                I2C1_ER_IRQHandler
                0x0000000008001270                FMC_IRQHandler
                0x0000000008001270                SWPMI1_IRQHandler
                0x0000000008001270                LPTIM1_IRQHandler
                0x0000000008001270                SAI1_IRQHandler
                0x0000000008001270                DMA2_Channel3_IRQHandler
                0x0000000008001270                TIM1_BRK_TIM15_IRQHandler
 *fill*         0x0000000008001272        0x2 
 .text.HAL_Init
                0x0000000008001274       0x40 ./Drivers/STM32L4xx_HAL_Driver/Src/stm32l4xx_hal.o
                0x0000000008001274                HAL_Init
 .text.HAL_InitTick
                0x00000000080012b4       0x78 ./Drivers/STM32L4xx_HAL_Driver/Src/stm32l4xx_hal.o
                0x00000000080012b4                HAL_InitTick
 .text.HAL_IncTick
                0x000000000800132c       0x28 ./Drivers/STM32L4xx_HAL_Driver/Src/stm32l4xx_hal.o
                0x000000000800132c                HAL_IncTick
 .text.HAL_GetTick
                0x0000000008001354       0x18 ./Drivers/STM32L4xx_HAL_Driver/Src/stm32l4xx_hal.o
                0x0000000008001354                HAL_GetTick
 .text.HAL_Delay
                0x000000000800136c       0x48 ./Drivers/STM32L4xx_HAL_Driver/Src/stm32l4xx_hal.o
                0x000000000800136c                HAL_Delay
 .text.__NVIC_SetPriorityGrouping
                0x00000000080013b4       0x48 ./Drivers/STM32L4xx_HAL_Driver/Src/stm32l4xx_hal_cortex.o
 .text.__NVIC_GetPriorityGrouping
                0x00000000080013fc       0x1c ./Drivers/STM32L4xx_HAL_Driver/Src/stm32l4xx_hal_cortex.o
 .text.__NVIC_SetPriority
                0x0000000008001418       0x54 ./Drivers/STM32L4xx_HAL_Driver/Src/stm32l4xx_hal_cortex.o
 .text.NVIC_EncodePriority
                0x000000000800146c       0x66 ./Drivers/STM32L4xx_HAL_Driver/Src/stm32l4xx_hal_cortex.o
 *fill*         0x00000000080014d2        0x2 
 .text.SysTick_Config
                0x00000000080014d4       0x44 ./Drivers/STM32L4xx_HAL_Driver/Src/stm32l4xx_hal_cortex.o
 .text.HAL_NVIC_SetPriorityGrouping
                0x0000000008001518       0x16 ./Drivers/STM32L4xx_HAL_Driver/Src/stm32l4xx_hal_cortex.o
                0x0000000008001518                HAL_NVIC_SetPriorityGrouping
 .text.HAL_NVIC_SetPriority
                0x000000000800152e       0x38 ./Drivers/STM32L4xx_HAL_Driver/Src/stm32l4xx_hal_cortex.o
                0x000000000800152e                HAL_NVIC_SetPriority
 .text.HAL_SYSTICK_Config
                0x0000000008001566       0x18 ./Drivers/STM32L4xx_HAL_Driver/Src/stm32l4xx_hal_cortex.o
                0x0000000008001566                HAL_SYSTICK_Config
 *fill*         0x000000000800157e        0x2 
 .text.HAL_GPIO_Init
                0x0000000008001580      0x354 ./Drivers/STM32L4xx_HAL_Driver/Src/stm32l4xx_hal_gpio.o
                0x0000000008001580                HAL_GPIO_Init
 .text.HAL_GPIO_WritePin
                0x00000000080018d4       0x30 ./Drivers/STM32L4xx_HAL_Driver/Src/stm32l4xx_hal_gpio.o
                0x00000000080018d4                HAL_GPIO_WritePin
 .text.HAL_I2C_Init
                0x0000000008001904      0x11e ./Drivers/STM32L4xx_HAL_Driver/Src/stm32l4xx_hal_i2c.o
                0x0000000008001904                HAL_I2C_Init
 *fill*         0x0000000008001a22        0x2 
 .text.HAL_I2C_Master_Transmit
                0x0000000008001a24      0x1e8 ./Drivers/STM32L4xx_HAL_Driver/Src/stm32l4xx_hal_i2c.o
                0x0000000008001a24                HAL_I2C_Master_Transmit
 .text.HAL_I2C_Master_Receive
                0x0000000008001c0c      0x1ec ./Drivers/STM32L4xx_HAL_Driver/Src/stm32l4xx_hal_i2c.o
                0x0000000008001c0c                HAL_I2C_Master_Receive
 .text.I2C_Flush_TXDR
                0x0000000008001df8       0x48 ./Drivers/STM32L4xx_HAL_Driver/Src/stm32l4xx_hal_i2c.o
 .text.I2C_WaitOnFlagUntilTimeout
                0x0000000008001e40       0x80 ./Drivers/STM32L4xx_HAL_Driver/Src/stm32l4xx_hal_i2c.o
 .text.I2C_WaitOnTXISFlagUntilTimeout
                0x0000000008001ec0       0x80 ./Drivers/STM32L4xx_HAL_Driver/Src/stm32l4xx_hal_i2c.o
 .text.I2C_WaitOnSTOPFlagUntilTimeout
                0x0000000008001f40       0x78 ./Drivers/STM32L4xx_HAL_Driver/Src/stm32l4xx_hal_i2c.o
 .text.I2C_WaitOnRXNEFlagUntilTimeout
                0x0000000008001fb8       0xf4 ./Drivers/STM32L4xx_HAL_Driver/Src/stm32l4xx_hal_i2c.o
 .text.I2C_IsErrorOccurred
                0x00000000080020ac      0x1d8 ./Drivers/STM32L4xx_HAL_Driver/Src/stm32l4xx_hal_i2c.o
 .text.I2C_TransferConfig
                0x0000000008002284       0x64 ./Drivers/STM32L4xx_HAL_Driver/Src/stm32l4xx_hal_i2c.o
 .text.HAL_I2CEx_ConfigAnalogFilter
                0x00000000080022e8       0x96 ./Drivers/STM32L4xx_HAL_Driver/Src/stm32l4xx_hal_i2c_ex.o
                0x00000000080022e8                HAL_I2CEx_ConfigAnalogFilter
 .text.HAL_I2CEx_ConfigDigitalFilter
                0x000000000800237e       0x98 ./Drivers/STM32L4xx_HAL_Driver/Src/stm32l4xx_hal_i2c_ex.o
                0x000000000800237e                HAL_I2CEx_ConfigDigitalFilter
 *fill*         0x0000000008002416        0x2 
 .text.HAL_PWREx_GetVoltageRange
                0x0000000008002418       0x1c ./Drivers/STM32L4xx_HAL_Driver/Src/stm32l4xx_hal_pwr_ex.o
                0x0000000008002418                HAL_PWREx_GetVoltageRange
 .text.HAL_PWREx_ControlVoltageScaling
                0x0000000008002434       0xac ./Drivers/STM32L4xx_HAL_Driver/Src/stm32l4xx_hal_pwr_ex.o
                0x0000000008002434                HAL_PWREx_ControlVoltageScaling
 .text.HAL_RCC_OscConfig
                0x00000000080024e0      0x7cc ./Drivers/STM32L4xx_HAL_Driver/Src/stm32l4xx_hal_rcc.o
                0x00000000080024e0                HAL_RCC_OscConfig
 .text.HAL_RCC_ClockConfig
                0x0000000008002cac      0x1c4 ./Drivers/STM32L4xx_HAL_Driver/Src/stm32l4xx_hal_rcc.o
                0x0000000008002cac                HAL_RCC_ClockConfig
 .text.HAL_RCC_GetSysClockFreq
                0x0000000008002e70      0x118 ./Drivers/STM32L4xx_HAL_Driver/Src/stm32l4xx_hal_rcc.o
                0x0000000008002e70                HAL_RCC_GetSysClockFreq
 .text.HAL_RCC_GetHCLKFreq
                0x0000000008002f88       0x18 ./Drivers/STM32L4xx_HAL_Driver/Src/stm32l4xx_hal_rcc.o
                0x0000000008002f88                HAL_RCC_GetHCLKFreq
 .text.HAL_RCC_GetPCLK1Freq
                0x0000000008002fa0       0x2c ./Drivers/STM32L4xx_HAL_Driver/Src/stm32l4xx_hal_rcc.o
                0x0000000008002fa0                HAL_RCC_GetPCLK1Freq
 .text.HAL_RCC_GetPCLK2Freq
                0x0000000008002fcc       0x2c ./Drivers/STM32L4xx_HAL_Driver/Src/stm32l4xx_hal_rcc.o
                0x0000000008002fcc                HAL_RCC_GetPCLK2Freq
 .text.RCC_SetFlashLatencyFromMSIRange
                0x0000000008002ff8       0xc0 ./Drivers/STM32L4xx_HAL_Driver/Src/stm32l4xx_hal_rcc.o
 .text.HAL_RCCEx_PeriphCLKConfig
                0x00000000080030b8      0x5d4 ./Drivers/STM32L4xx_HAL_Driver/Src/stm32l4xx_hal_rcc_ex.o
                0x00000000080030b8                HAL_RCCEx_PeriphCLKConfig
 .text.RCCEx_PLLSAI1_Config
                0x000000000800368c      0x1e8 ./Drivers/STM32L4xx_HAL_Driver/Src/stm32l4xx_hal_rcc_ex.o
 .text.RCCEx_PLLSAI2_Config
                0x0000000008003874      0x1bc ./Drivers/STM32L4xx_HAL_Driver/Src/stm32l4xx_hal_rcc_ex.o
 .text.HAL_UART_Init
                0x0000000008003a30       0x9c ./Drivers/STM32L4xx_HAL_Driver/Src/stm32l4xx_hal_uart.o
                0x0000000008003a30                HAL_UART_Init
 .text.UART_SetConfig
                0x0000000008003acc      0x514 ./Drivers/STM32L4xx_HAL_Driver/Src/stm32l4xx_hal_uart.o
                0x0000000008003acc                UART_SetConfig
 .text.UART_AdvFeatureConfig
                0x0000000008003fe0      0x144 ./Drivers/STM32L4xx_HAL_Driver/Src/stm32l4xx_hal_uart.o
                0x0000000008003fe0                UART_AdvFeatureConfig
 .text.UART_CheckIdleState
                0x0000000008004124       0x92 ./Drivers/STM32L4xx_HAL_Driver/Src/stm32l4xx_hal_uart.o
                0x0000000008004124                UART_CheckIdleState
 .text.UART_WaitOnFlagUntilTimeout
                0x00000000080041b6      0x188 ./Drivers/STM32L4xx_HAL_Driver/Src/stm32l4xx_hal_uart.o
                0x00000000080041b6                UART_WaitOnFlagUntilTimeout
 *fill*         0x000000000800433e        0x2 
 .text.__libc_init_array
                0x0000000008004340       0x48 c:/st/stm32cubeide_1.7.0/stm32cubeide/plugins/com.st.stm32cube.ide.mcu.externaltools.gnu-tools-for-stm32.9-2020-q2-update.win32_2.0.0.202105311346/tools/bin/../lib/gcc/arm-none-eabi/9.3.1/../../../../arm-none-eabi/lib/thumb/v7e-m+fp/hard\libc_nano.a(lib_a-init.o)
                0x0000000008004340                __libc_init_array
 .text.memset   0x0000000008004388       0x10 c:/st/stm32cubeide_1.7.0/stm32cubeide/plugins/com.st.stm32cube.ide.mcu.externaltools.gnu-tools-for-stm32.9-2020-q2-update.win32_2.0.0.202105311346/tools/bin/../lib/gcc/arm-none-eabi/9.3.1/../../../../arm-none-eabi/lib/thumb/v7e-m+fp/hard\libc_nano.a(lib_a-memset.o)
                0x0000000008004388                memset
 *(.glue_7)
 .glue_7        0x0000000008004398        0x0 linker stubs
 *(.glue_7t)
 .glue_7t       0x0000000008004398        0x0 linker stubs
 *(.eh_frame)
 .eh_frame      0x0000000008004398        0x0 c:/st/stm32cubeide_1.7.0/stm32cubeide/plugins/com.st.stm32cube.ide.mcu.externaltools.gnu-tools-for-stm32.9-2020-q2-update.win32_2.0.0.202105311346/tools/bin/../lib/gcc/arm-none-eabi/9.3.1/thumb/v7e-m+fp/hard/crtbegin.o
 *(.init)
 .init          0x0000000008004398        0x4 c:/st/stm32cubeide_1.7.0/stm32cubeide/plugins/com.st.stm32cube.ide.mcu.externaltools.gnu-tools-for-stm32.9-2020-q2-update.win32_2.0.0.202105311346/tools/bin/../lib/gcc/arm-none-eabi/9.3.1/thumb/v7e-m+fp/hard/crti.o
                0x0000000008004398                _init
 .init          0x000000000800439c        0x8 c:/st/stm32cubeide_1.7.0/stm32cubeide/plugins/com.st.stm32cube.ide.mcu.externaltools.gnu-tools-for-stm32.9-2020-q2-update.win32_2.0.0.202105311346/tools/bin/../lib/gcc/arm-none-eabi/9.3.1/thumb/v7e-m+fp/hard/crtn.o
 *(.fini)
 .fini          0x00000000080043a4        0x4 c:/st/stm32cubeide_1.7.0/stm32cubeide/plugins/com.st.stm32cube.ide.mcu.externaltools.gnu-tools-for-stm32.9-2020-q2-update.win32_2.0.0.202105311346/tools/bin/../lib/gcc/arm-none-eabi/9.3.1/thumb/v7e-m+fp/hard/crti.o
                0x00000000080043a4                _fini
 .fini          0x00000000080043a8        0x8 c:/st/stm32cubeide_1.7.0/stm32cubeide/plugins/com.st.stm32cube.ide.mcu.externaltools.gnu-tools-for-stm32.9-2020-q2-update.win32_2.0.0.202105311346/tools/bin/../lib/gcc/arm-none-eabi/9.3.1/thumb/v7e-m+fp/hard/crtn.o
                0x00000000080043b0                . = ALIGN (0x4)
                0x00000000080043b0                _etext = .

.vfp11_veneer   0x00000000080043b0        0x0
 .vfp11_veneer  0x00000000080043b0        0x0 linker stubs

.v4_bx          0x00000000080043b0        0x0
 .v4_bx         0x00000000080043b0        0x0 linker stubs

.iplt           0x00000000080043b0        0x0
 .iplt          0x00000000080043b0        0x0 c:/st/stm32cubeide_1.7.0/stm32cubeide/plugins/com.st.stm32cube.ide.mcu.externaltools.gnu-tools-for-stm32.9-2020-q2-update.win32_2.0.0.202105311346/tools/bin/../lib/gcc/arm-none-eabi/9.3.1/thumb/v7e-m+fp/hard/crtbegin.o

.rodata         0x00000000080043b0       0x60
                0x00000000080043b0                . = ALIGN (0x4)
 *(.rodata)
 .rodata        0x00000000080043b0       0x17 ./Core/Src/htu21df-functions/htu21df-functions.o
 *(.rodata*)
 *fill*         0x00000000080043c7        0x1 
 .rodata.AHBPrescTable
                0x00000000080043c8       0x10 ./Core/Src/system_stm32l4xx.o
                0x00000000080043c8                AHBPrescTable
 .rodata.APBPrescTable
                0x00000000080043d8        0x8 ./Core/Src/system_stm32l4xx.o
                0x00000000080043d8                APBPrescTable
 .rodata.MSIRangeTable
                0x00000000080043e0       0x30 ./Core/Src/system_stm32l4xx.o
                0x00000000080043e0                MSIRangeTable
                0x0000000008004410                . = ALIGN (0x4)

.ARM.extab      0x0000000008004410        0x0
                0x0000000008004410                . = ALIGN (0x4)
 *(.ARM.extab* .gnu.linkonce.armextab.*)
                0x0000000008004410                . = ALIGN (0x4)

.ARM            0x0000000008004410        0x8
                0x0000000008004410                . = ALIGN (0x4)
                0x0000000008004410                __exidx_start = .
 *(.ARM.exidx*)
 .ARM.exidx     0x0000000008004410        0x8 c:/st/stm32cubeide_1.7.0/stm32cubeide/plugins/com.st.stm32cube.ide.mcu.externaltools.gnu-tools-for-stm32.9-2020-q2-update.win32_2.0.0.202105311346/tools/bin/../lib/gcc/arm-none-eabi/9.3.1/thumb/v7e-m+fp/hard\libgcc.a(_udivmoddi4.o)
                0x0000000008004418                __exidx_end = .
                0x0000000008004418                . = ALIGN (0x4)

.rel.dyn        0x0000000008004418        0x0
 .rel.iplt      0x0000000008004418        0x0 c:/st/stm32cubeide_1.7.0/stm32cubeide/plugins/com.st.stm32cube.ide.mcu.externaltools.gnu-tools-for-stm32.9-2020-q2-update.win32_2.0.0.202105311346/tools/bin/../lib/gcc/arm-none-eabi/9.3.1/thumb/v7e-m+fp/hard/crtbegin.o

.preinit_array  0x0000000008004418        0x0
                0x0000000008004418                . = ALIGN (0x4)
                0x0000000008004418                PROVIDE (__preinit_array_start = .)
 *(.preinit_array*)
                0x0000000008004418                PROVIDE (__preinit_array_end = .)
                0x0000000008004418                . = ALIGN (0x4)

.init_array     0x0000000008004418        0x4
                0x0000000008004418                . = ALIGN (0x4)
                0x0000000008004418                PROVIDE (__init_array_start = .)
 *(SORT_BY_NAME(.init_array.*))
 *(.init_array*)
 .init_array    0x0000000008004418        0x4 c:/st/stm32cubeide_1.7.0/stm32cubeide/plugins/com.st.stm32cube.ide.mcu.externaltools.gnu-tools-for-stm32.9-2020-q2-update.win32_2.0.0.202105311346/tools/bin/../lib/gcc/arm-none-eabi/9.3.1/thumb/v7e-m+fp/hard/crtbegin.o
                0x000000000800441c                PROVIDE (__init_array_end = .)
                0x000000000800441c                . = ALIGN (0x4)

.fini_array     0x000000000800441c        0x4
                0x000000000800441c                . = ALIGN (0x4)
                [!provide]                        PROVIDE (__fini_array_start = .)
 *(SORT_BY_NAME(.fini_array.*))
 *(.fini_array*)
 .fini_array    0x000000000800441c        0x4 c:/st/stm32cubeide_1.7.0/stm32cubeide/plugins/com.st.stm32cube.ide.mcu.externaltools.gnu-tools-for-stm32.9-2020-q2-update.win32_2.0.0.202105311346/tools/bin/../lib/gcc/arm-none-eabi/9.3.1/thumb/v7e-m+fp/hard/crtbegin.o
                [!provide]                        PROVIDE (__fini_array_end = .)
                0x0000000008004420                . = ALIGN (0x4)
                0x0000000008004420                _sidata = LOADADDR (.data)

.data           0x0000000020000000        0xc load address 0x0000000008004420
                0x0000000020000000                . = ALIGN (0x4)
                0x0000000020000000                _sdata = .
 *(.data)
 *(.data*)
 .data.SystemCoreClock
                0x0000000020000000        0x4 ./Core/Src/system_stm32l4xx.o
                0x0000000020000000                SystemCoreClock
 .data.uwTickPrio
                0x0000000020000004        0x4 ./Drivers/STM32L4xx_HAL_Driver/Src/stm32l4xx_hal.o
                0x0000000020000004                uwTickPrio
 .data.uwTickFreq
                0x0000000020000008        0x1 ./Drivers/STM32L4xx_HAL_Driver/Src/stm32l4xx_hal.o
                0x0000000020000008                uwTickFreq
 *(.RamFunc)
 *(.RamFunc*)
                0x000000002000000c                . = ALIGN (0x4)
 *fill*         0x0000000020000009        0x3 
                0x000000002000000c                _edata = .

.igot.plt       0x000000002000000c        0x0 load address 0x000000000800442c
 .igot.plt      0x000000002000000c        0x0 c:/st/stm32cubeide_1.7.0/stm32cubeide/plugins/com.st.stm32cube.ide.mcu.externaltools.gnu-tools-for-stm32.9-2020-q2-update.win32_2.0.0.202105311346/tools/bin/../lib/gcc/arm-none-eabi/9.3.1/thumb/v7e-m+fp/hard/crtbegin.o
                0x000000002000000c                . = ALIGN (0x4)

.bss            0x000000002000000c      0x110 load address 0x000000000800442c
                0x000000002000000c                _sbss = .
                0x000000002000000c                __bss_start__ = _sbss
 *(.bss)
 .bss           0x000000002000000c       0x1c c:/st/stm32cubeide_1.7.0/stm32cubeide/plugins/com.st.stm32cube.ide.mcu.externaltools.gnu-tools-for-stm32.9-2020-q2-update.win32_2.0.0.202105311346/tools/bin/../lib/gcc/arm-none-eabi/9.3.1/thumb/v7e-m+fp/hard/crtbegin.o
 *(.bss*)
 .bss.buf       0x0000000020000028        0xc ./Core/Src/htu21df-functions/htu21df-functions.o
 .bss.raw_temp_data
                0x0000000020000034        0x2 ./Core/Src/htu21df-functions/htu21df-functions.o
 .bss.raw_humid_data
                0x0000000020000036        0x2 ./Core/Src/htu21df-functions/htu21df-functions.o
 .bss.temp_c    0x0000000020000038        0x4 ./Core/Src/htu21df-functions/htu21df-functions.o
 .bss.temp_f    0x000000002000003c        0x4 ./Core/Src/htu21df-functions/htu21df-functions.o
 .bss.humidity  0x0000000020000040        0x4 ./Core/Src/htu21df-functions/htu21df-functions.o
 *(COMMON)
 COMMON         0x0000000020000044       0x4d ./Core/Src/htu21df-functions/htu21df-functions.o
                0x0000000020000044                hi2c1
                0x0000000020000090                ret
 *fill*         0x0000000020000091        0x3 
 COMMON         0x0000000020000094       0x84 ./Core/Src/peripherals/peripherals.o
                0x0000000020000094                huart2
 COMMON         0x0000000020000118        0x4 ./Drivers/STM32L4xx_HAL_Driver/Src/stm32l4xx_hal.o
                0x0000000020000118                uwTick
                0x000000002000011c                . = ALIGN (0x4)
                0x000000002000011c                _ebss = .
                0x000000002000011c                __bss_end__ = _ebss

._user_heap_stack
                0x000000002000011c      0x604 load address 0x000000000800442c
                0x0000000020000120                . = ALIGN (0x8)
 *fill*         0x000000002000011c        0x4 
                [!provide]                        PROVIDE (end = .)
                0x0000000020000120                PROVIDE (_end = .)
                0x0000000020000320                . = (. + _Min_Heap_Size)
 *fill*         0x0000000020000120      0x200 
                0x0000000020000720                . = (. + _Min_Stack_Size)
 *fill*         0x0000000020000320      0x400 
                0x0000000020000720                . = ALIGN (0x8)

/DISCARD/
 libc.a(*)
 libm.a(*)
 libgcc.a(*)

.ARM.attributes
                0x0000000000000000       0x30
 *(.ARM.attributes)
 .ARM.attributes
                0x0000000000000000       0x1e c:/st/stm32cubeide_1.7.0/stm32cubeide/plugins/com.st.stm32cube.ide.mcu.externaltools.gnu-tools-for-stm32.9-2020-q2-update.win32_2.0.0.202105311346/tools/bin/../lib/gcc/arm-none-eabi/9.3.1/thumb/v7e-m+fp/hard/crti.o
 .ARM.attributes
                0x000000000000001e       0x34 c:/st/stm32cubeide_1.7.0/stm32cubeide/plugins/com.st.stm32cube.ide.mcu.externaltools.gnu-tools-for-stm32.9-2020-q2-update.win32_2.0.0.202105311346/tools/bin/../lib/gcc/arm-none-eabi/9.3.1/thumb/v7e-m+fp/hard/crtbegin.o
 .ARM.attributes
                0x0000000000000052       0x34 ./Core/Src/htu21df-functions/htu21df-functions.o
 .ARM.attributes
                0x0000000000000086       0x34 ./Core/Src/main.o
 .ARM.attributes
                0x00000000000000ba       0x34 ./Core/Src/stm32l4xx_hal_msp.o
 .ARM.attributes
                0x00000000000000ee       0x34 ./Core/Src/stm32l4xx_it.o
 .ARM.attributes
                0x0000000000000122       0x34 ./Core/Src/system_stm32l4xx.o
 .ARM.attributes
                0x0000000000000156       0x34 ./Core/Src/peripherals/peripherals.o
 .ARM.attributes
                0x000000000000018a       0x21 ./Core/Startup/startup_stm32l476rgtx.o
 .ARM.attributes
                0x00000000000001ab       0x34 ./Drivers/STM32L4xx_HAL_Driver/Src/stm32l4xx_hal.o
 .ARM.attributes
                0x00000000000001df       0x34 ./Drivers/STM32L4xx_HAL_Driver/Src/stm32l4xx_hal_cortex.o
 .ARM.attributes
                0x0000000000000213       0x34 ./Drivers/STM32L4xx_HAL_Driver/Src/stm32l4xx_hal_gpio.o
 .ARM.attributes
                0x0000000000000247       0x34 ./Drivers/STM32L4xx_HAL_Driver/Src/stm32l4xx_hal_i2c.o
 .ARM.attributes
                0x000000000000027b       0x34 ./Drivers/STM32L4xx_HAL_Driver/Src/stm32l4xx_hal_i2c_ex.o
 .ARM.attributes
                0x00000000000002af       0x34 ./Drivers/STM32L4xx_HAL_Driver/Src/stm32l4xx_hal_pwr_ex.o
 .ARM.attributes
                0x00000000000002e3       0x34 ./Drivers/STM32L4xx_HAL_Driver/Src/stm32l4xx_hal_rcc.o
 .ARM.attributes
                0x0000000000000317       0x34 ./Drivers/STM32L4xx_HAL_Driver/Src/stm32l4xx_hal_rcc_ex.o
 .ARM.attributes
                0x000000000000034b       0x34 ./Drivers/STM32L4xx_HAL_Driver/Src/stm32l4xx_hal_uart.o
 .ARM.attributes
                0x000000000000037f       0x34 c:/st/stm32cubeide_1.7.0/stm32cubeide/plugins/com.st.stm32cube.ide.mcu.externaltools.gnu-tools-for-stm32.9-2020-q2-update.win32_2.0.0.202105311346/tools/bin/../lib/gcc/arm-none-eabi/9.3.1/../../../../arm-none-eabi/lib/thumb/v7e-m+fp/hard\libc_nano.a(lib_a-init.o)
 .ARM.attributes
                0x00000000000003b3       0x34 c:/st/stm32cubeide_1.7.0/stm32cubeide/plugins/com.st.stm32cube.ide.mcu.externaltools.gnu-tools-for-stm32.9-2020-q2-update.win32_2.0.0.202105311346/tools/bin/../lib/gcc/arm-none-eabi/9.3.1/../../../../arm-none-eabi/lib/thumb/v7e-m+fp/hard\libc_nano.a(lib_a-memset.o)
 .ARM.attributes
                0x00000000000003e7       0x1e c:/st/stm32cubeide_1.7.0/stm32cubeide/plugins/com.st.stm32cube.ide.mcu.externaltools.gnu-tools-for-stm32.9-2020-q2-update.win32_2.0.0.202105311346/tools/bin/../lib/gcc/arm-none-eabi/9.3.1/thumb/v7e-m+fp/hard\libgcc.a(_arm_muldf3.o)
 .ARM.attributes
                0x0000000000000405       0x1e c:/st/stm32cubeide_1.7.0/stm32cubeide/plugins/com.st.stm32cube.ide.mcu.externaltools.gnu-tools-for-stm32.9-2020-q2-update.win32_2.0.0.202105311346/tools/bin/../lib/gcc/arm-none-eabi/9.3.1/thumb/v7e-m+fp/hard\libgcc.a(_arm_addsubdf3.o)
 .ARM.attributes
                0x0000000000000423       0x1e c:/st/stm32cubeide_1.7.0/stm32cubeide/plugins/com.st.stm32cube.ide.mcu.externaltools.gnu-tools-for-stm32.9-2020-q2-update.win32_2.0.0.202105311346/tools/bin/../lib/gcc/arm-none-eabi/9.3.1/thumb/v7e-m+fp/hard\libgcc.a(_arm_truncdfsf2.o)
 .ARM.attributes
                0x0000000000000441       0x1e c:/st/stm32cubeide_1.7.0/stm32cubeide/plugins/com.st.stm32cube.ide.mcu.externaltools.gnu-tools-for-stm32.9-2020-q2-update.win32_2.0.0.202105311346/tools/bin/../lib/gcc/arm-none-eabi/9.3.1/thumb/v7e-m+fp/hard\libgcc.a(_aeabi_uldivmod.o)
 .ARM.attributes
                0x000000000000045f       0x34 c:/st/stm32cubeide_1.7.0/stm32cubeide/plugins/com.st.stm32cube.ide.mcu.externaltools.gnu-tools-for-stm32.9-2020-q2-update.win32_2.0.0.202105311346/tools/bin/../lib/gcc/arm-none-eabi/9.3.1/thumb/v7e-m+fp/hard\libgcc.a(_udivmoddi4.o)
 .ARM.attributes
                0x0000000000000493       0x1e c:/st/stm32cubeide_1.7.0/stm32cubeide/plugins/com.st.stm32cube.ide.mcu.externaltools.gnu-tools-for-stm32.9-2020-q2-update.win32_2.0.0.202105311346/tools/bin/../lib/gcc/arm-none-eabi/9.3.1/thumb/v7e-m+fp/hard\libgcc.a(_dvmd_tls.o)
 .ARM.attributes
                0x00000000000004b1       0x1e c:/st/stm32cubeide_1.7.0/stm32cubeide/plugins/com.st.stm32cube.ide.mcu.externaltools.gnu-tools-for-stm32.9-2020-q2-update.win32_2.0.0.202105311346/tools/bin/../lib/gcc/arm-none-eabi/9.3.1/thumb/v7e-m+fp/hard/crtn.o
OUTPUT(nucleo-l476rg-HTU21D-F.elf elf32-littlearm)
LOAD linker stubs
LOAD c:/st/stm32cubeide_1.7.0/stm32cubeide/plugins/com.st.stm32cube.ide.mcu.externaltools.gnu-tools-for-stm32.9-2020-q2-update.win32_2.0.0.202105311346/tools/bin/../lib/gcc/arm-none-eabi/9.3.1/../../../../arm-none-eabi/lib/thumb/v7e-m+fp/hard\libc.a
LOAD c:/st/stm32cubeide_1.7.0/stm32cubeide/plugins/com.st.stm32cube.ide.mcu.externaltools.gnu-tools-for-stm32.9-2020-q2-update.win32_2.0.0.202105311346/tools/bin/../lib/gcc/arm-none-eabi/9.3.1/../../../../arm-none-eabi/lib/thumb/v7e-m+fp/hard\libm.a
LOAD c:/st/stm32cubeide_1.7.0/stm32cubeide/plugins/com.st.stm32cube.ide.mcu.externaltools.gnu-tools-for-stm32.9-2020-q2-update.win32_2.0.0.202105311346/tools/bin/../lib/gcc/arm-none-eabi/9.3.1/thumb/v7e-m+fp/hard\libgcc.a

.debug_info     0x0000000000000000    0x1166d
 .debug_info    0x0000000000000000     0x11d5 ./Core/Src/htu21df-functions/htu21df-functions.o
 .debug_info    0x00000000000011d5     0x14d5 ./Core/Src/main.o
 .debug_info    0x00000000000026aa     0x126b ./Core/Src/stm32l4xx_hal_msp.o
 .debug_info    0x0000000000003915      0x373 ./Core/Src/stm32l4xx_it.o
 .debug_info    0x0000000000003c88      0x772 ./Core/Src/system_stm32l4xx.o
 .debug_info    0x00000000000043fa     0x1193 ./Core/Src/peripherals/peripherals.o
 .debug_info    0x000000000000558d       0x22 ./Core/Startup/startup_stm32l476rgtx.o
 .debug_info    0x00000000000055af      0xddb ./Drivers/STM32L4xx_HAL_Driver/Src/stm32l4xx_hal.o
 .debug_info    0x000000000000638a     0x102e ./Drivers/STM32L4xx_HAL_Driver/Src/stm32l4xx_hal_cortex.o
 .debug_info    0x00000000000073b8      0xa5e ./Drivers/STM32L4xx_HAL_Driver/Src/stm32l4xx_hal_gpio.o
 .debug_info    0x0000000000007e16     0x236d ./Drivers/STM32L4xx_HAL_Driver/Src/stm32l4xx_hal_i2c.o
 .debug_info    0x000000000000a183      0xc29 ./Drivers/STM32L4xx_HAL_Driver/Src/stm32l4xx_hal_i2c_ex.o
 .debug_info    0x000000000000adac      0xc00 ./Drivers/STM32L4xx_HAL_Driver/Src/stm32l4xx_hal_pwr_ex.o
 .debug_info    0x000000000000b9ac      0xe37 ./Drivers/STM32L4xx_HAL_Driver/Src/stm32l4xx_hal_rcc.o
 .debug_info    0x000000000000c7e3     0x103f ./Drivers/STM32L4xx_HAL_Driver/Src/stm32l4xx_hal_rcc_ex.o
 .debug_info    0x000000000000d822     0x3e4b ./Drivers/STM32L4xx_HAL_Driver/Src/stm32l4xx_hal_uart.o

.debug_abbrev   0x0000000000000000     0x1efd
 .debug_abbrev  0x0000000000000000      0x20e ./Core/Src/htu21df-functions/htu21df-functions.o
 .debug_abbrev  0x000000000000020e      0x1db ./Core/Src/main.o
 .debug_abbrev  0x00000000000003e9      0x1b7 ./Core/Src/stm32l4xx_hal_msp.o
 .debug_abbrev  0x00000000000005a0       0xf2 ./Core/Src/stm32l4xx_it.o
 .debug_abbrev  0x0000000000000692      0x165 ./Core/Src/system_stm32l4xx.o
 .debug_abbrev  0x00000000000007f7      0x1f3 ./Core/Src/peripherals/peripherals.o
 .debug_abbrev  0x00000000000009ea       0x12 ./Core/Startup/startup_stm32l476rgtx.o
 .debug_abbrev  0x00000000000009fc      0x227 ./Drivers/STM32L4xx_HAL_Driver/Src/stm32l4xx_hal.o
 .debug_abbrev  0x0000000000000c23      0x33c ./Drivers/STM32L4xx_HAL_Driver/Src/stm32l4xx_hal_cortex.o
 .debug_abbrev  0x0000000000000f5f      0x1e8 ./Drivers/STM32L4xx_HAL_Driver/Src/stm32l4xx_hal_gpio.o
 .debug_abbrev  0x0000000000001147      0x256 ./Drivers/STM32L4xx_HAL_Driver/Src/stm32l4xx_hal_i2c.o
 .debug_abbrev  0x000000000000139d      0x1dd ./Drivers/STM32L4xx_HAL_Driver/Src/stm32l4xx_hal_i2c_ex.o
 .debug_abbrev  0x000000000000157a      0x1f3 ./Drivers/STM32L4xx_HAL_Driver/Src/stm32l4xx_hal_pwr_ex.o
 .debug_abbrev  0x000000000000176d      0x275 ./Drivers/STM32L4xx_HAL_Driver/Src/stm32l4xx_hal_rcc.o
 .debug_abbrev  0x00000000000019e2      0x268 ./Drivers/STM32L4xx_HAL_Driver/Src/stm32l4xx_hal_rcc_ex.o
 .debug_abbrev  0x0000000000001c4a      0x2b3 ./Drivers/STM32L4xx_HAL_Driver/Src/stm32l4xx_hal_uart.o

.debug_aranges  0x0000000000000000      0xbc8
 .debug_aranges
                0x0000000000000000       0x28 ./Core/Src/htu21df-functions/htu21df-functions.o
 .debug_aranges
                0x0000000000000028       0x20 ./Core/Src/main.o
 .debug_aranges
                0x0000000000000048       0x40 ./Core/Src/stm32l4xx_hal_msp.o
 .debug_aranges
                0x0000000000000088       0x60 ./Core/Src/stm32l4xx_it.o
 .debug_aranges
                0x00000000000000e8       0x28 ./Core/Src/system_stm32l4xx.o
 .debug_aranges
                0x0000000000000110       0x40 ./Core/Src/peripherals/peripherals.o
 .debug_aranges
                0x0000000000000150       0x28 ./Core/Startup/startup_stm32l476rgtx.o
 .debug_aranges
                0x0000000000000178      0x130 ./Drivers/STM32L4xx_HAL_Driver/Src/stm32l4xx_hal.o
 .debug_aranges
                0x00000000000002a8      0x118 ./Drivers/STM32L4xx_HAL_Driver/Src/stm32l4xx_hal_cortex.o
 .debug_aranges
                0x00000000000003c0       0x58 ./Drivers/STM32L4xx_HAL_Driver/Src/stm32l4xx_hal_gpio.o
 .debug_aranges
                0x0000000000000418      0x290 ./Drivers/STM32L4xx_HAL_Driver/Src/stm32l4xx_hal_i2c.o
 .debug_aranges
                0x00000000000006a8       0x48 ./Drivers/STM32L4xx_HAL_Driver/Src/stm32l4xx_hal_i2c_ex.o
 .debug_aranges
                0x00000000000006f0      0x160 ./Drivers/STM32L4xx_HAL_Driver/Src/stm32l4xx_hal_pwr_ex.o
 .debug_aranges
                0x0000000000000850       0x90 ./Drivers/STM32L4xx_HAL_Driver/Src/stm32l4xx_hal_rcc.o
 .debug_aranges
                0x00000000000008e0       0xc0 ./Drivers/STM32L4xx_HAL_Driver/Src/stm32l4xx_hal_rcc_ex.o
 .debug_aranges
                0x00000000000009a0      0x228 ./Drivers/STM32L4xx_HAL_Driver/Src/stm32l4xx_hal_uart.o

.debug_ranges   0x0000000000000000      0xb00
 .debug_ranges  0x0000000000000000       0x18 ./Core/Src/htu21df-functions/htu21df-functions.o
 .debug_ranges  0x0000000000000018       0x10 ./Core/Src/main.o
 .debug_ranges  0x0000000000000028       0x30 ./Core/Src/stm32l4xx_hal_msp.o
 .debug_ranges  0x0000000000000058       0x50 ./Core/Src/stm32l4xx_it.o
 .debug_ranges  0x00000000000000a8       0x18 ./Core/Src/system_stm32l4xx.o
 .debug_ranges  0x00000000000000c0       0x30 ./Core/Src/peripherals/peripherals.o
 .debug_ranges  0x00000000000000f0       0x20 ./Core/Startup/startup_stm32l476rgtx.o
 .debug_ranges  0x0000000000000110      0x120 ./Drivers/STM32L4xx_HAL_Driver/Src/stm32l4xx_hal.o
 .debug_ranges  0x0000000000000230      0x108 ./Drivers/STM32L4xx_HAL_Driver/Src/stm32l4xx_hal_cortex.o
 .debug_ranges  0x0000000000000338       0x48 ./Drivers/STM32L4xx_HAL_Driver/Src/stm32l4xx_hal_gpio.o
 .debug_ranges  0x0000000000000380      0x280 ./Drivers/STM32L4xx_HAL_Driver/Src/stm32l4xx_hal_i2c.o
 .debug_ranges  0x0000000000000600       0x38 ./Drivers/STM32L4xx_HAL_Driver/Src/stm32l4xx_hal_i2c_ex.o
 .debug_ranges  0x0000000000000638      0x150 ./Drivers/STM32L4xx_HAL_Driver/Src/stm32l4xx_hal_pwr_ex.o
 .debug_ranges  0x0000000000000788       0x80 ./Drivers/STM32L4xx_HAL_Driver/Src/stm32l4xx_hal_rcc.o
 .debug_ranges  0x0000000000000808       0xb0 ./Drivers/STM32L4xx_HAL_Driver/Src/stm32l4xx_hal_rcc_ex.o
 .debug_ranges  0x00000000000008b8      0x248 ./Drivers/STM32L4xx_HAL_Driver/Src/stm32l4xx_hal_uart.o

.debug_macro    0x0000000000000000    0x266db
 .debug_macro   0x0000000000000000      0x367 ./Core/Src/htu21df-functions/htu21df-functions.o
 .debug_macro   0x0000000000000367      0xaa8 ./Core/Src/htu21df-functions/htu21df-functions.o
 .debug_macro   0x0000000000000e0f      0x1a7 ./Core/Src/htu21df-functions/htu21df-functions.o
 .debug_macro   0x0000000000000fb6       0x2e ./Core/Src/htu21df-functions/htu21df-functions.o
 .debug_macro   0x0000000000000fe4       0x28 ./Core/Src/htu21df-functions/htu21df-functions.o
 .debug_macro   0x000000000000100c       0x22 ./Core/Src/htu21df-functions/htu21df-functions.o
 .debug_macro   0x000000000000102e       0x8e ./Core/Src/htu21df-functions/htu21df-functions.o
 .debug_macro   0x00000000000010bc       0x51 ./Core/Src/htu21df-functions/htu21df-functions.o
 .debug_macro   0x000000000000110d      0x103 ./Core/Src/htu21df-functions/htu21df-functions.o
 .debug_macro   0x0000000000001210       0x6a ./Core/Src/htu21df-functions/htu21df-functions.o
 .debug_macro   0x000000000000127a      0x1df ./Core/Src/htu21df-functions/htu21df-functions.o
 .debug_macro   0x0000000000001459       0x1c ./Core/Src/htu21df-functions/htu21df-functions.o
 .debug_macro   0x0000000000001475       0x22 ./Core/Src/htu21df-functions/htu21df-functions.o
 .debug_macro   0x0000000000001497      0x101 ./Core/Src/htu21df-functions/htu21df-functions.o
 .debug_macro   0x0000000000001598     0x1011 ./Core/Src/htu21df-functions/htu21df-functions.o
 .debug_macro   0x00000000000025a9      0x11f ./Core/Src/htu21df-functions/htu21df-functions.o
 .debug_macro   0x00000000000026c8    0x1a17a ./Core/Src/htu21df-functions/htu21df-functions.o
 .debug_macro   0x000000000001c842       0x6d ./Core/Src/htu21df-functions/htu21df-functions.o
 .debug_macro   0x000000000001c8af     0x38e2 ./Core/Src/htu21df-functions/htu21df-functions.o
 .debug_macro   0x0000000000020191      0x174 ./Core/Src/htu21df-functions/htu21df-functions.o
 .debug_macro   0x0000000000020305       0x5c ./Core/Src/htu21df-functions/htu21df-functions.o
 .debug_macro   0x0000000000020361     0x159e ./Core/Src/htu21df-functions/htu21df-functions.o
 .debug_macro   0x00000000000218ff      0x5a5 ./Core/Src/htu21df-functions/htu21df-functions.o
 .debug_macro   0x0000000000021ea4      0x1b9 ./Core/Src/htu21df-functions/htu21df-functions.o
 .debug_macro   0x000000000002205d      0x18b ./Core/Src/htu21df-functions/htu21df-functions.o
 .debug_macro   0x00000000000221e8      0x26b ./Core/Src/htu21df-functions/htu21df-functions.o
 .debug_macro   0x0000000000022453      0x23d ./Core/Src/htu21df-functions/htu21df-functions.o
 .debug_macro   0x0000000000022690      0x241 ./Core/Src/htu21df-functions/htu21df-functions.o
 .debug_macro   0x00000000000228d1      0x37c ./Core/Src/htu21df-functions/htu21df-functions.o
 .debug_macro   0x0000000000022c4d       0xd6 ./Core/Src/htu21df-functions/htu21df-functions.o
 .debug_macro   0x0000000000022d23      0x22c ./Core/Src/htu21df-functions/htu21df-functions.o
 .debug_macro   0x0000000000022f4f       0x61 ./Core/Src/htu21df-functions/htu21df-functions.o
 .debug_macro   0x0000000000022fb0       0xa5 ./Core/Src/htu21df-functions/htu21df-functions.o
 .debug_macro   0x0000000000023055      0x122 ./Core/Src/htu21df-functions/htu21df-functions.o
 .debug_macro   0x0000000000023177      0x3ef ./Core/Src/htu21df-functions/htu21df-functions.o
 .debug_macro   0x0000000000023566      0x5ba ./Core/Src/htu21df-functions/htu21df-functions.o
 .debug_macro   0x0000000000023b20       0x44 ./Core/Src/htu21df-functions/htu21df-functions.o
 .debug_macro   0x0000000000023b64      0x330 ./Core/Src/htu21df-functions/htu21df-functions.o
 .debug_macro   0x0000000000023e94       0x58 ./Core/Src/htu21df-functions/htu21df-functions.o
 .debug_macro   0x0000000000023eec       0x52 ./Core/Src/htu21df-functions/htu21df-functions.o
 .debug_macro   0x0000000000023f3e       0x18 ./Core/Src/htu21df-functions/htu21df-functions.o
 .debug_macro   0x0000000000023f56       0x3c ./Core/Src/htu21df-functions/htu21df-functions.o
 .debug_macro   0x0000000000023f92       0x34 ./Core/Src/htu21df-functions/htu21df-functions.o
 .debug_macro   0x0000000000023fc6       0x16 ./Core/Src/htu21df-functions/htu21df-functions.o
 .debug_macro   0x0000000000023fdc       0x43 ./Core/Src/htu21df-functions/htu21df-functions.o
 .debug_macro   0x000000000002401f       0x34 ./Core/Src/htu21df-functions/htu21df-functions.o
 .debug_macro   0x0000000000024053       0x10 ./Core/Src/htu21df-functions/htu21df-functions.o
 .debug_macro   0x0000000000024063       0x58 ./Core/Src/htu21df-functions/htu21df-functions.o
 .debug_macro   0x00000000000240bb       0x71 ./Core/Src/htu21df-functions/htu21df-functions.o
 .debug_macro   0x000000000002412c       0x1c ./Core/Src/htu21df-functions/htu21df-functions.o
 .debug_macro   0x0000000000024148      0x12a ./Core/Src/htu21df-functions/htu21df-functions.o
 .debug_macro   0x0000000000024272      0x333 ./Core/Src/htu21df-functions/htu21df-functions.o
 .debug_macro   0x00000000000245a5       0x10 ./Core/Src/htu21df-functions/htu21df-functions.o
 .debug_macro   0x00000000000245b5       0x35 ./Core/Src/htu21df-functions/htu21df-functions.o
 .debug_macro   0x00000000000245ea       0x20 ./Core/Src/htu21df-functions/htu21df-functions.o
 .debug_macro   0x000000000002460a       0x1c ./Core/Src/htu21df-functions/htu21df-functions.o
 .debug_macro   0x0000000000024626       0x10 ./Core/Src/htu21df-functions/htu21df-functions.o
 .debug_macro   0x0000000000024636       0x10 ./Core/Src/htu21df-functions/htu21df-functions.o
 .debug_macro   0x0000000000024646       0x1c ./Core/Src/htu21df-functions/htu21df-functions.o
 .debug_macro   0x0000000000024662       0x52 ./Core/Src/htu21df-functions/htu21df-functions.o
 .debug_macro   0x00000000000246b4       0x22 ./Core/Src/htu21df-functions/htu21df-functions.o
 .debug_macro   0x00000000000246d6       0x10 ./Core/Src/htu21df-functions/htu21df-functions.o
 .debug_macro   0x00000000000246e6       0x40 ./Core/Src/htu21df-functions/htu21df-functions.o
 .debug_macro   0x0000000000024726       0xd5 ./Core/Src/htu21df-functions/htu21df-functions.o
 .debug_macro   0x00000000000247fb       0x1c ./Core/Src/htu21df-functions/htu21df-functions.o
 .debug_macro   0x0000000000024817       0x3d ./Core/Src/htu21df-functions/htu21df-functions.o
 .debug_macro   0x0000000000024854       0x16 ./Core/Src/htu21df-functions/htu21df-functions.o
 .debug_macro   0x000000000002486a      0x145 ./Core/Src/htu21df-functions/htu21df-functions.o
 .debug_macro   0x00000000000249af      0x39d ./Core/Src/main.o
 .debug_macro   0x0000000000024d4c       0x16 ./Core/Src/main.o
 .debug_macro   0x0000000000024d62       0x16 ./Core/Src/main.o
 .debug_macro   0x0000000000024d78       0x29 ./Core/Src/main.o
 .debug_macro   0x0000000000024da1       0x16 ./Core/Src/main.o
 .debug_macro   0x0000000000024db7      0x1d4 ./Core/Src/stm32l4xx_hal_msp.o
 .debug_macro   0x0000000000024f8b      0x1de ./Core/Src/stm32l4xx_it.o
 .debug_macro   0x0000000000025169      0x1c5 ./Core/Src/system_stm32l4xx.o
 .debug_macro   0x000000000002532e      0x1d8 ./Core/Src/peripherals/peripherals.o
 .debug_macro   0x0000000000025506      0x213 ./Drivers/STM32L4xx_HAL_Driver/Src/stm32l4xx_hal.o
 .debug_macro   0x0000000000025719      0x1c5 ./Drivers/STM32L4xx_HAL_Driver/Src/stm32l4xx_hal_cortex.o
 .debug_macro   0x00000000000258de      0x1cc ./Drivers/STM32L4xx_HAL_Driver/Src/stm32l4xx_hal_gpio.o
 .debug_macro   0x0000000000025aaa      0x291 ./Drivers/STM32L4xx_HAL_Driver/Src/stm32l4xx_hal_i2c.o
 .debug_macro   0x0000000000025d3b      0x1c5 ./Drivers/STM32L4xx_HAL_Driver/Src/stm32l4xx_hal_i2c_ex.o
 .debug_macro   0x0000000000025f00      0x1e9 ./Drivers/STM32L4xx_HAL_Driver/Src/stm32l4xx_hal_pwr_ex.o
 .debug_macro   0x00000000000260e9      0x207 ./Drivers/STM32L4xx_HAL_Driver/Src/stm32l4xx_hal_rcc.o
 .debug_macro   0x00000000000262f0      0x1fb ./Drivers/STM32L4xx_HAL_Driver/Src/stm32l4xx_hal_rcc_ex.o
 .debug_macro   0x00000000000264eb      0x1f0 ./Drivers/STM32L4xx_HAL_Driver/Src/stm32l4xx_hal_uart.o

.debug_line     0x0000000000000000     0xf315
 .debug_line    0x0000000000000000      0x9ab ./Core/Src/htu21df-functions/htu21df-functions.o
 .debug_line    0x00000000000009ab      0x996 ./Core/Src/main.o
 .debug_line    0x0000000000001341      0x788 ./Core/Src/stm32l4xx_hal_msp.o
 .debug_line    0x0000000000001ac9      0x78a ./Core/Src/stm32l4xx_it.o
 .debug_line    0x0000000000002253      0x75d ./Core/Src/system_stm32l4xx.o
 .debug_line    0x00000000000029b0      0x804 ./Core/Src/peripherals/peripherals.o
 .debug_line    0x00000000000031b4       0x88 ./Core/Startup/startup_stm32l476rgtx.o
 .debug_line    0x000000000000323c      0xab8 ./Drivers/STM32L4xx_HAL_Driver/Src/stm32l4xx_hal.o
 .debug_line    0x0000000000003cf4      0xc5e ./Drivers/STM32L4xx_HAL_Driver/Src/stm32l4xx_hal_cortex.o
 .debug_line    0x0000000000004952      0xb2b ./Drivers/STM32L4xx_HAL_Driver/Src/stm32l4xx_hal_gpio.o
 .debug_line    0x000000000000547d     0x334f ./Drivers/STM32L4xx_HAL_Driver/Src/stm32l4xx_hal_i2c.o
 .debug_line    0x00000000000087cc      0x8e5 ./Drivers/STM32L4xx_HAL_Driver/Src/stm32l4xx_hal_i2c_ex.o
 .debug_line    0x00000000000090b1      0xca3 ./Drivers/STM32L4xx_HAL_Driver/Src/stm32l4xx_hal_pwr_ex.o
 .debug_line    0x0000000000009d54      0xf1d ./Drivers/STM32L4xx_HAL_Driver/Src/stm32l4xx_hal_rcc.o
 .debug_line    0x000000000000ac71     0x1470 ./Drivers/STM32L4xx_HAL_Driver/Src/stm32l4xx_hal_rcc_ex.o
 .debug_line    0x000000000000c0e1     0x3234 ./Drivers/STM32L4xx_HAL_Driver/Src/stm32l4xx_hal_uart.o

.debug_str      0x0000000000000000    0xeac6e
 .debug_str     0x0000000000000000    0xe6efd ./Core/Src/htu21df-functions/htu21df-functions.o
                                      0xe72f1 (size before relaxing)
 .debug_str     0x00000000000e6efd      0x33d ./Core/Src/main.o
                                      0xe7583 (size before relaxing)
 .debug_str     0x00000000000e723a      0x467 ./Core/Src/stm32l4xx_hal_msp.o
                                      0xe37ad (size before relaxing)
 .debug_str     0x00000000000e76a1       0xbd ./Core/Src/stm32l4xx_it.o
                                      0xe2d1a (size before relaxing)
 .debug_str     0x00000000000e775e       0xb8 ./Core/Src/system_stm32l4xx.o
                                      0xe2d2e (size before relaxing)
 .debug_str     0x00000000000e7816      0x1e3 ./Core/Src/peripherals/peripherals.o
                                      0xe3691 (size before relaxing)
 .debug_str     0x00000000000e79f9       0x36 ./Core/Startup/startup_stm32l476rgtx.o
                                         0x7f (size before relaxing)
 .debug_str     0x00000000000e7a2f      0xa54 ./Drivers/STM32L4xx_HAL_Driver/Src/stm32l4xx_hal.o
                                      0xe3899 (size before relaxing)
 .debug_str     0x00000000000e8483      0x389 ./Drivers/STM32L4xx_HAL_Driver/Src/stm32l4xx_hal_cortex.o
                                      0xe359d (size before relaxing)
 .debug_str     0x00000000000e880c      0x161 ./Drivers/STM32L4xx_HAL_Driver/Src/stm32l4xx_hal_gpio.o
                                      0xe2ef3 (size before relaxing)
 .debug_str     0x00000000000e896d      0xd9f ./Drivers/STM32L4xx_HAL_Driver/Src/stm32l4xx_hal_i2c.o
                                      0xe3eb7 (size before relaxing)
 .debug_str     0x00000000000e970c       0xb8 ./Drivers/STM32L4xx_HAL_Driver/Src/stm32l4xx_hal_i2c_ex.o
                                      0xe3252 (size before relaxing)
 .debug_str     0x00000000000e97c4      0x4ef ./Drivers/STM32L4xx_HAL_Driver/Src/stm32l4xx_hal_pwr_ex.o
                                      0xe329f (size before relaxing)
 .debug_str     0x00000000000e9cb3      0x360 ./Drivers/STM32L4xx_HAL_Driver/Src/stm32l4xx_hal_rcc.o
                                      0xe3328 (size before relaxing)
 .debug_str     0x00000000000ea013      0x3a6 ./Drivers/STM32L4xx_HAL_Driver/Src/stm32l4xx_hal_rcc_ex.o
                                      0xe349c (size before relaxing)
 .debug_str     0x00000000000ea3b9      0x8b5 ./Drivers/STM32L4xx_HAL_Driver/Src/stm32l4xx_hal_uart.o
                                      0xe39b0 (size before relaxing)

.comment        0x0000000000000000       0x53
 .comment       0x0000000000000000       0x53 ./Core/Src/htu21df-functions/htu21df-functions.o
                                         0x54 (size before relaxing)
 .comment       0x0000000000000053       0x54 ./Core/Src/main.o
 .comment       0x0000000000000053       0x54 ./Core/Src/stm32l4xx_hal_msp.o
 .comment       0x0000000000000053       0x54 ./Core/Src/stm32l4xx_it.o
 .comment       0x0000000000000053       0x54 ./Core/Src/system_stm32l4xx.o
 .comment       0x0000000000000053       0x54 ./Core/Src/peripherals/peripherals.o
 .comment       0x0000000000000053       0x54 ./Drivers/STM32L4xx_HAL_Driver/Src/stm32l4xx_hal.o
 .comment       0x0000000000000053       0x54 ./Drivers/STM32L4xx_HAL_Driver/Src/stm32l4xx_hal_cortex.o
 .comment       0x0000000000000053       0x54 ./Drivers/STM32L4xx_HAL_Driver/Src/stm32l4xx_hal_gpio.o
 .comment       0x0000000000000053       0x54 ./Drivers/STM32L4xx_HAL_Driver/Src/stm32l4xx_hal_i2c.o
 .comment       0x0000000000000053       0x54 ./Drivers/STM32L4xx_HAL_Driver/Src/stm32l4xx_hal_i2c_ex.o
 .comment       0x0000000000000053       0x54 ./Drivers/STM32L4xx_HAL_Driver/Src/stm32l4xx_hal_pwr_ex.o
 .comment       0x0000000000000053       0x54 ./Drivers/STM32L4xx_HAL_Driver/Src/stm32l4xx_hal_rcc.o
 .comment       0x0000000000000053       0x54 ./Drivers/STM32L4xx_HAL_Driver/Src/stm32l4xx_hal_rcc_ex.o
 .comment       0x0000000000000053       0x54 ./Drivers/STM32L4xx_HAL_Driver/Src/stm32l4xx_hal_uart.o

.debug_frame    0x0000000000000000     0x30f0
 .debug_frame   0x0000000000000000       0x58 ./Core/Src/htu21df-functions/htu21df-functions.o
 .debug_frame   0x0000000000000058       0x2c ./Core/Src/main.o
 .debug_frame   0x0000000000000084       0xd0 ./Core/Src/stm32l4xx_hal_msp.o
 .debug_frame   0x0000000000000154      0x104 ./Core/Src/stm32l4xx_it.o
 .debug_frame   0x0000000000000258       0x58 ./Core/Src/system_stm32l4xx.o
 .debug_frame   0x00000000000002b0       0xa8 ./Core/Src/peripherals/peripherals.o
 .debug_frame   0x0000000000000358      0x498 ./Drivers/STM32L4xx_HAL_Driver/Src/stm32l4xx_hal.o
 .debug_frame   0x00000000000007f0      0x498 ./Drivers/STM32L4xx_HAL_Driver/Src/stm32l4xx_hal_cortex.o
 .debug_frame   0x0000000000000c88      0x14c ./Drivers/STM32L4xx_HAL_Driver/Src/stm32l4xx_hal_gpio.o
 .debug_frame   0x0000000000000dd4      0xbe8 ./Drivers/STM32L4xx_HAL_Driver/Src/stm32l4xx_hal_i2c.o
 .debug_frame   0x00000000000019bc      0x100 ./Drivers/STM32L4xx_HAL_Driver/Src/stm32l4xx_hal_i2c_ex.o
 .debug_frame   0x0000000000001abc      0x584 ./Drivers/STM32L4xx_HAL_Driver/Src/stm32l4xx_hal_pwr_ex.o
 .debug_frame   0x0000000000002040      0x21c ./Drivers/STM32L4xx_HAL_Driver/Src/stm32l4xx_hal_rcc.o
 .debug_frame   0x000000000000225c      0x2fc ./Drivers/STM32L4xx_HAL_Driver/Src/stm32l4xx_hal_rcc_ex.o
 .debug_frame   0x0000000000002558      0x9ec ./Drivers/STM32L4xx_HAL_Driver/Src/stm32l4xx_hal_uart.o
 .debug_frame   0x0000000000002f44       0x2c c:/st/stm32cubeide_1.7.0/stm32cubeide/plugins/com.st.stm32cube.ide.mcu.externaltools.gnu-tools-for-stm32.9-2020-q2-update.win32_2.0.0.202105311346/tools/bin/../lib/gcc/arm-none-eabi/9.3.1/../../../../arm-none-eabi/lib/thumb/v7e-m+fp/hard\libc_nano.a(lib_a-init.o)
 .debug_frame   0x0000000000002f70       0x20 c:/st/stm32cubeide_1.7.0/stm32cubeide/plugins/com.st.stm32cube.ide.mcu.externaltools.gnu-tools-for-stm32.9-2020-q2-update.win32_2.0.0.202105311346/tools/bin/../lib/gcc/arm-none-eabi/9.3.1/../../../../arm-none-eabi/lib/thumb/v7e-m+fp/hard\libc_nano.a(lib_a-memset.o)
 .debug_frame   0x0000000000002f90       0x30 c:/st/stm32cubeide_1.7.0/stm32cubeide/plugins/com.st.stm32cube.ide.mcu.externaltools.gnu-tools-for-stm32.9-2020-q2-update.win32_2.0.0.202105311346/tools/bin/../lib/gcc/arm-none-eabi/9.3.1/thumb/v7e-m+fp/hard\libgcc.a(_arm_muldf3.o)
 .debug_frame   0x0000000000002fc0       0xac c:/st/stm32cubeide_1.7.0/stm32cubeide/plugins/com.st.stm32cube.ide.mcu.externaltools.gnu-tools-for-stm32.9-2020-q2-update.win32_2.0.0.202105311346/tools/bin/../lib/gcc/arm-none-eabi/9.3.1/thumb/v7e-m+fp/hard\libgcc.a(_arm_addsubdf3.o)
 .debug_frame   0x000000000000306c       0x24 c:/st/stm32cubeide_1.7.0/stm32cubeide/plugins/com.st.stm32cube.ide.mcu.externaltools.gnu-tools-for-stm32.9-2020-q2-update.win32_2.0.0.202105311346/tools/bin/../lib/gcc/arm-none-eabi/9.3.1/thumb/v7e-m+fp/hard\libgcc.a(_arm_truncdfsf2.o)
 .debug_frame   0x0000000000003090       0x2c c:/st/stm32cubeide_1.7.0/stm32cubeide/plugins/com.st.stm32cube.ide.mcu.externaltools.gnu-tools-for-stm32.9-2020-q2-update.win32_2.0.0.202105311346/tools/bin/../lib/gcc/arm-none-eabi/9.3.1/thumb/v7e-m+fp/hard\libgcc.a(_aeabi_uldivmod.o)
 .debug_frame   0x00000000000030bc       0x34 c:/st/stm32cubeide_1.7.0/stm32cubeide/plugins/com.st.stm32cube.ide.mcu.externaltools.gnu-tools-for-stm32.9-2020-q2-update.win32_2.0.0.202105311346/tools/bin/../lib/gcc/arm-none-eabi/9.3.1/thumb/v7e-m+fp/hard\libgcc.a(_udivmoddi4.o)
