17:17:11 **** Incremental Build of configuration Debug for project nucleo-l476rg-uart_functions ****
make -j8 all 
arm-none-eabi-gcc "../Core/Src/main.c" -mcpu=cortex-m4 -std=gnu11 -g3 -DDEBUG -DUSE_HAL_DRIVER -DSTM32L476xx -c -I../Core/Inc -I../Drivers/STM32L4xx_HAL_Driver/Inc -I../Drivers/STM32L4xx_HAL_Driver/Inc/Legacy -I../Drivers/CMSIS/Device/ST/STM32L4xx/Include -I../Drivers/CMSIS/Include -O0 -ffunction-sections -fdata-sections -Wall -fstack-usage -MMD -MP -MF"Core/Src/main.d" -MT"Core/Src/main.o" --specs=nano.specs -mfpu=fpv4-sp-d16 -mfloat-abi=hard -mthumb -o "Core/Src/main.o"
arm-none-eabi-gcc -o "nucleo-l476rg-uart_functions.elf" @"objects.list"   -mcpu=cortex-m4 -T"C:\Users\rafee\STM32CubeIDE\workspace_1.7.0\nucleo-l476rg-uart_functions\STM32L476RGTX_FLASH.ld" --specs=nosys.specs -Wl,-Map="nucleo-l476rg-uart_functions.map" -Wl,--gc-sections -static --specs=nano.specs -mfpu=fpv4-sp-d16 -mfloat-abi=hard -mthumb -Wl,--start-group -lc -lm -Wl,--end-group
Finished building target: nucleo-l476rg-uart_functions.elf
 
arm-none-eabi-size   nucleo-l476rg-uart_functions.elf 
arm-none-eabi-objdump -h -S  nucleo-l476rg-uart_functions.elf  > "nucleo-l476rg-uart_functions.list"
arm-none-eabi-objcopy  -O binary  nucleo-l476rg-uart_functions.elf  "nucleo-l476rg-uart_functions.bin"
   text	   data	    bss	    dec	    hex	filename
  19860	    184	   1808	  21852	   555c	nucleo-l476rg-uart_functions.elf
Finished building: default.size.stdout
 
Finished building: nucleo-l476rg-uart_functions.bin
 
Finished building: nucleo-l476rg-uart_functions.list
 

17:17:12 Build Finished. 0 errors, 0 warnings. (took 1s.526ms)

