19:38:04 **** Incremental Build of configuration Debug for project nucleo-l476rg-7seg_uart ****
make -j8 all 
arm-none-eabi-gcc "../Core/Src/7seg-functions/7seg-functions.c" -mcpu=cortex-m4 -std=gnu11 -g3 -DDEBUG -DUSE_HAL_DRIVER -DSTM32L476xx -c -I../Core/Inc -I../Drivers/STM32L4xx_HAL_Driver/Inc -I../Drivers/STM32L4xx_HAL_Driver/Inc/Legacy -I../Drivers/CMSIS/Device/ST/STM32L4xx/Include -I../Drivers/CMSIS/Include -O0 -ffunction-sections -fdata-sections -Wall -fstack-usage -MMD -MP -MF"Core/Src/7seg-functions/7seg-functions.d" -MT"Core/Src/7seg-functions/7seg-functions.o" --specs=nano.specs -mfpu=fpv4-sp-d16 -mfloat-abi=hard -mthumb -o "Core/Src/7seg-functions/7seg-functions.o"
arm-none-eabi-gcc -o "nucleo-l476rg-7seg_uart.elf" @"objects.list"   -mcpu=cortex-m4 -T"C:\Users\rafee\STM32CubeIDE\workspace_1.7.0\nucleo-l476rg-7seg_uart\STM32L476RGTX_FLASH.ld" --specs=nosys.specs -Wl,-Map="nucleo-l476rg-7seg_uart.map" -Wl,--gc-sections -static --specs=nano.specs -mfpu=fpv4-sp-d16 -mfloat-abi=hard -mthumb -Wl,--start-group -lc -lm -Wl,--end-group
Finished building target: nucleo-l476rg-7seg_uart.elf
 
arm-none-eabi-size   nucleo-l476rg-7seg_uart.elf 
arm-none-eabi-objdump -h -S  nucleo-l476rg-7seg_uart.elf  > "nucleo-l476rg-7seg_uart.list"
arm-none-eabi-objcopy  -O binary  nucleo-l476rg-7seg_uart.elf  "nucleo-l476rg-7seg_uart.bin"
   text	   data	    bss	    dec	    hex	filename
  21520	    152	   1904	  23576	   5c18	nucleo-l476rg-7seg_uart.elf
Finished building: default.size.stdout
 
Finished building: nucleo-l476rg-7seg_uart.bin
 
Finished building: nucleo-l476rg-7seg_uart.list
 

19:38:05 Build Finished. 0 errors, 0 warnings. (took 751ms)

